node.exe : Error: 
PostgresError: Tenant or user 
not found
At C:\Program 
Files\nodejs\npx.ps1:29 char:3
+   & $NODE_EXE $NPX_CLI_JS 
$args
+   
~~~~~~~~~~~~~~~~~~~~~~~~~~~~~
    + CategoryInfo          : 
    NotSpecified: (Error: Po  
  stgres... user not found:   
 String) [], RemoteExcepti    
on
    + FullyQualifiedErrorId : 
    NativeCommandError
 
    at ErrorResponse (C:\Users
\sabar\OneDrive\Desktop\Projec
ts\FERNWAY B2B\node_modules\po
stgres\cjs\src\connection.js:8
17:22)
    at handle (C:\Users\sabar\
OneDrive\Desktop\Projects\FERN
WAY B2B\node_modules\postgres\
cjs\src\connection.js:489:6)
    at Socket.data (C:\Users\s
abar\OneDrive\Desktop\Projects
\FERNWAY B2B\node_modules\post
gres\cjs\src\connection.js:324
:9)
    at Socket.emit 
(node:events:518:28)
    at addChunk (node:internal
/streams/readable:561:12)
    at 
readableAddChunkPushByteMode (
node:internal/streams/readable
:512:3)
    at Readable.push (node:int
ernal/streams/readable:392:5)
    at TCP.onStreamRead (node:
internal/stream_base_commons:1
89:23) {
  severity_local: 'FATAL',
  severity: 'FATAL',
  code: 'XX000'
}
